// Jest Snapshot v1, https://goo.gl/fbAQLP

exports[`LoadingIcon Component snapshot test 1`] = `
<View
  style={
    [
      {
        "alignItems": "center",
        "backgroundColor": "transparent",
        "justifyContent": "center",
      },
      undefined,
    ]
  }
  testID="loadingContainer"
>
  <View
    style={
      [
        {
          "alignItems": "center",
          "justifyContent": "center",
          "position": "absolute",
        },
        {
          "transform": [
            {
              "rotate": "0deg",
            },
          ],
        },
      ]
    }
    testID="loadingSpinner"
  >
    <View
      style={
        [
          {
            "position": "absolute",
          },
          {
            "opacity": 0.07692307692307693,
            "transform": [
              {
                "rotate": "0deg",
              },
              {
                "translateY": -33,
              },
            ],
          },
          {
            "backgroundColor": "#0099FF",
            "height": 17,
            "width": 5,
          },
        ]
      }
      testID="loadingBar0"
    />
    <View
      style={
        [
          {
            "position": "absolute",
          },
          {
            "opacity": 0.15384615384615385,
            "transform": [
              {
                "rotate": "27.692307692307693deg",
              },
              {
                "translateY": -33,
              },
            ],
          },
          {
            "backgroundColor": "#0099FF",
            "height": 17,
            "width": 5,
          },
        ]
      }
      testID="loadingBar1"
    />
    <View
      style={
        [
          {
            "position": "absolute",
          },
          {
            "opacity": 0.23076923076923078,
            "transform": [
              {
                "rotate": "55.38461538461539deg",
              },
              {
                "translateY": -33,
              },
            ],
          },
          {
            "backgroundColor": "#0099FF",
            "height": 17,
            "width": 5,
          },
        ]
      }
      testID="loadingBar2"
    />
    <View
      style={
        [
          {
            "position": "absolute",
          },
          {
            "opacity": 0.3076923076923077,
            "transform": [
              {
                "rotate": "83.07692307692308deg",
              },
              {
                "translateY": -33,
              },
            ],
          },
          {
            "backgroundColor": "#0099FF",
            "height": 17,
            "width": 5,
          },
        ]
      }
      testID="loadingBar3"
    />
    <View
      style={
        [
          {
            "position": "absolute",
          },
          {
            "opacity": 0.38461538461538464,
            "transform": [
              {
                "rotate": "110.76923076923077deg",
              },
              {
                "translateY": -33,
              },
            ],
          },
          {
            "backgroundColor": "#0099FF",
            "height": 17,
            "width": 5,
          },
        ]
      }
      testID="loadingBar4"
    />
    <View
      style={
        [
          {
            "position": "absolute",
          },
          {
            "opacity": 0.46153846153846156,
            "transform": [
              {
                "rotate": "138.46153846153845deg",
              },
              {
                "translateY": -33,
              },
            ],
          },
          {
            "backgroundColor": "#0099FF",
            "height": 17,
            "width": 5,
          },
        ]
      }
      testID="loadingBar5"
    />
    <View
      style={
        [
          {
            "position": "absolute",
          },
          {
            "opacity": 0.5384615384615384,
            "transform": [
              {
                "rotate": "166.15384615384616deg",
              },
              {
                "translateY": -33,
              },
            ],
          },
          {
            "backgroundColor": "#0099FF",
            "height": 17,
            "width": 5,
          },
        ]
      }
      testID="loadingBar6"
    />
    <View
      style={
        [
          {
            "position": "absolute",
          },
          {
            "opacity": 0.6153846153846154,
            "transform": [
              {
                "rotate": "193.84615384615387deg",
              },
              {
                "translateY": -33,
              },
            ],
          },
          {
            "backgroundColor": "#0099FF",
            "height": 17,
            "width": 5,
          },
        ]
      }
      testID="loadingBar7"
    />
    <View
      style={
        [
          {
            "position": "absolute",
          },
          {
            "opacity": 0.6923076923076923,
            "transform": [
              {
                "rotate": "221.53846153846155deg",
              },
              {
                "translateY": -33,
              },
            ],
          },
          {
            "backgroundColor": "#0099FF",
            "height": 17,
            "width": 5,
          },
        ]
      }
      testID="loadingBar8"
    />
    <View
      style={
        [
          {
            "position": "absolute",
          },
          {
            "opacity": 0.7692307692307693,
            "transform": [
              {
                "rotate": "249.23076923076923deg",
              },
              {
                "translateY": -33,
              },
            ],
          },
          {
            "backgroundColor": "#0099FF",
            "height": 17,
            "width": 5,
          },
        ]
      }
      testID="loadingBar9"
    />
    <View
      style={
        [
          {
            "position": "absolute",
          },
          {
            "opacity": 0.8461538461538461,
            "transform": [
              {
                "rotate": "276.9230769230769deg",
              },
              {
                "translateY": -33,
              },
            ],
          },
          {
            "backgroundColor": "#0099FF",
            "height": 17,
            "width": 5,
          },
        ]
      }
      testID="loadingBar10"
    />
    <View
      style={
        [
          {
            "position": "absolute",
          },
          {
            "opacity": 0.9230769230769231,
            "transform": [
              {
                "rotate": "304.61538461538464deg",
              },
              {
                "translateY": -33,
              },
            ],
          },
          {
            "backgroundColor": "#0099FF",
            "height": 17,
            "width": 5,
          },
        ]
      }
      testID="loadingBar11"
    />
    <View
      style={
        [
          {
            "position": "absolute",
          },
          {
            "opacity": 1,
            "transform": [
              {
                "rotate": "332.3076923076923deg",
              },
              {
                "translateY": -33,
              },
            ],
          },
          {
            "backgroundColor": "#0099FF",
            "height": 17,
            "width": 5,
          },
        ]
      }
      testID="loadingBar12"
    />
  </View>
  <Image
    resizeMode="contain"
    source={
      {
        "testUri": "../../../assets/images/logo.png",
      }
    }
    style={
      [
        {
          "zIndex": 1,
        },
        {
          "height": 35,
          "width": 35,
        },
      ]
    }
    testID="loadingLogo"
  />
</View>
`;
